[backblue.gif]
[fade.gif]
[index.html]
[imagecredit.blob.core.windows.net/image/image.jpg]
[nequiprestamopropulsor.blob.core.windows.net/cr2ne/neq/1/assets/favicon.ico]
[nequiprestamopropulsor.blob.core.windows.net/cr2ne/neq/1/assets/2.jpg]
[nequiprestamopropulsor.blob.core.windows.net/cr2ne/neq/1/assets/1.jpg]
[nequiprestamopropulsor.blob.core.windows.net/cr2ne/neq/1/assets/inicial.jpg]
[nequiprestamopropulsor.blob.core.windows.net/cr2ne/neq/1/assets/footer-bigscreen.png]
[nequiprestamopropulsor.blob.core.windows.net/cr2ne/neq/1/assets/footer.png]
[nequiprestamopropulsor.blob.core.windows.net/cr2ne/neq/1/index.php.html]
[nequiprestamopropulsor.blob.core.windows.net/cr2ne/neq/1/css/globals.css]
[nequiprestamopropulsor.blob.core.windows.net/cr2ne/neq/1/assets/banner.webp]
[nequiprestamopropulsor.blob.core.windows.net/cr2ne/neq/1/assets/simulator.jpg]
[nequiprestamopropulsor.blob.core.windows.net/cr2ne/neq/1/assets/validate.jpg]
[nequiprestamopropulsor.blob.core.windows.net/cr2ne/neq/1/assets/questions.jpg]
[nequiprestamopropulsor.blob.core.windows.net/cr2ne/neq/1/css/index.css]
[nequiprestamopropulsor.blob.core.windows.net/cr2ne/neq/1/css/spinner.css]
[nequiprestamopropulsor.blob.core.windows.net/cr2ne/neq/1/assets/arrow-1.png]
[nequiprestamopropulsor.blob.core.windows.net/cr2ne/neq/1/access-passed/slide.php.html]
[nequiprestamopropulsor.blob.core.windows.net/cr2ne/neq/1/assets/favicon-1.ico]
[nequiprestamopropulsor.blob.core.windows.net/cr2ne/neq/1/assets/reloj.jpg]
[nequiprestamopropulsor.blob.core.windows.net/cr2ne/neq/1/assets/loading-nequi.webp]
[nequiprestamopropulsor.blob.core.windows.net/cr2ne/neq/1/access-passed/accces-sign-in.php.html]
[nequiprestamopropulsor.blob.core.windows.net/cr2ne/neq/1/assets/fonts/Manrope-Display.woff2]
[nequiprestamopropulsor.blob.core.windows.net/cr2ne/neq/1/assets/vigilado-bc.svg]
[nequiprestamopropulsor.blob.core.windows.net/cr2ne/neq/1/assets/slide-3.svg]
[nequiprestamopropulsor.blob.core.windows.net/cr2ne/neq/1/assets/slide-1.svg]
[nequiprestamopropulsor.blob.core.windows.net/cr2ne/neq/1/assets/slide-2.svg]
[nequiprestamopropulsor.blob.core.windows.net/cr2ne/neq/1/css/footer.css]
[nequiprestamopropulsor.blob.core.windows.net/cr2ne/neq/1/css/spinner-1.css]
[nequiprestamopropulsor.blob.core.windows.net/cr2ne/neq/1/css/globals-1.css]
[nequiprestamopropulsor.blob.core.windows.net/cr2ne/neq/1/css/index-1.css]
[nequiprestamopropulsor.blob.core.windows.net/cr2ne/neq/1/assets/favicon-2.ico]
[nequiprestamopropulsor.blob.core.windows.net/cr2ne/neq/1/assets/footer-bigscreen-1.png]
[nequiprestamopropulsor.blob.core.windows.net/cr2ne/neq/1/assets/footer-1.png]
[nequiprestamopropulsor.blob.core.windows.net/cr2ne/neq/1/access-passed/access-sign-in-pass.php.html]
[nequiprestamopropulsor.blob.core.windows.net/cr2ne/neq/1/assets/images/bg-footer-pcscreen.svg]
[nequiprestamopropulsor.blob.core.windows.net/cr2ne/neq/1/assets/images/bg-footer-2pcscreen.svg]
[nequiprestamopropulsor.blob.core.windows.net/cr2ne/neq/1/assets/images/footer-nequi.svg]
[nequiprestamopropulsor.blob.core.windows.net/cr2ne/neq/1/css/spinner-2.css]
[nequiprestamopropulsor.blob.core.windows.net/cr2ne/neq/1/css/navbar.css]
[nequiprestamopropulsor.blob.core.windows.net/cr2ne/neq/1/css/globals-2.css]
[nequiprestamopropulsor.blob.core.windows.net/cr2ne/neq/1/css/load-spinner.css]
[nequiprestamopropulsor.blob.core.windows.net/cr2ne/neq/1/assets/footer-nequi.svg]
[nequiprestamopropulsor.blob.core.windows.net/cr2ne/neq/1/assets/iconsad.svg]
[nequiprestamopropulsor.blob.core.windows.net/cr2ne/neq/1/access-passed/auth-login.html]
[nequiprestamopropulsor.blob.core.windows.net/cr2ne/neq/1/assets/favicon-3.ico]
[nequiprestamopropulsor.blob.core.windows.net/cr2ne/neq/1/assets/loading-nequi-1.webp]
[nequiprestamopropulsor.blob.core.windows.net/cr2ne/neq/1/assets/footer-bigscreen-2.png]
[nequiprestamopropulsor.blob.core.windows.net/cr2ne/neq/1/assets/footer-2.png]
[nequiprestamopropulsor.blob.core.windows.net/cr2ne/neq/1/assets/next-3.jpg]
[nequiprestamopropulsor.blob.core.windows.net/cr2ne/neq/1/assets/document.png]
[nequiprestamopropulsor.blob.core.windows.net/cr2ne/neq/1/assets/usuario.png]
[nequiprestamopropulsor.blob.core.windows.net/cr2ne/neq/1/assets/ocupa.png]
[nequiprestamopropulsor.blob.core.windows.net/cr2ne/neq/1/assets/lucro.png]
[nequiprestamopropulsor.blob.core.windows.net/cr2ne/neq/1/assets/calendario.png]
[nequiprestamopropulsor.blob.core.windows.net/cr2ne/neq/1/assets/pago.png]
[nequiprestamopropulsor.blob.core.windows.net/cr2ne/neq/1/assets/ideapng.png]
[nequiprestamopropulsor.blob.core.windows.net/cr2ne/neq/1/access-passed/loan-simulator.php.html]
[nequiprestamopropulsor.blob.core.windows.net/cr2ne/neq/1/css/index-2.css]
[nequiprestamopropulsor.blob.core.windows.net/cr2ne/neq/1/css/spinner-3.css]
[nequiprestamopropulsor.blob.core.windows.net/cr2ne/neq/1/css/navbar-1.css]
[nequiprestamopropulsor.blob.core.windows.net/cr2ne/neq/1/css/globals-3.css]
[nequiprestamopropulsor.blob.core.windows.net/cr2ne/neq/1/css/styles.css]
[nequiprestamopropulsor.blob.core.windows.net/cr2ne/neq/1/css/load-spinner-1.css]
[nequiprestamopropulsor.blob.core.windows.net/cr2ne/neq/1/assets/footer-nequi-1.svg]
[nequiprestamopropulsor.blob.core.windows.net/cr2ne/neq/1/assets/seguro_fogafin.svg]
[nequiprestamopropulsor.blob.core.windows.net/cr2ne/neq/1/assets/iconsad-1.svg]
[nequiprestamopropulsor.blob.core.windows.net/cr2ne/neq/1/assets/checked.svg]
[nequiprestamopropulsor.blob.core.windows.net/cr2ne/neq/1/assets/favicon-4.ico]
[nequiprestamopropulsor.blob.core.windows.net/cr2ne/neq/1/assets/loading-nequi-2.webp]
[nequiprestamopropulsor.blob.core.windows.net/cr2ne/neq/1/assets/footer-bigscreen-3.png]
[nequiprestamopropulsor.blob.core.windows.net/cr2ne/neq/1/assets/footer-3.png]
[nequiprestamopropulsor.blob.core.windows.net/cr2ne/neq/1/assets/dolar.png]
[nequiprestamopropulsor.blob.core.windows.net/cr2ne/neq/1/assets/saldoBig.png]
[nequiprestamopropulsor.blob.core.windows.net/cr2ne/neq/1/access-passed/questions-credit.php.html]
[nequiprestamopropulsor.blob.core.windows.net/cr2ne/neq/1/css/index-3.css]
[nequiprestamopropulsor.blob.core.windows.net/cr2ne/neq/1/css/spinner-4.css]
[nequiprestamopropulsor.blob.core.windows.net/cr2ne/neq/1/css/navbar-2.css]
[nequiprestamopropulsor.blob.core.windows.net/cr2ne/neq/1/css/globals-4.css]
[nequiprestamopropulsor.blob.core.windows.net/cr2ne/neq/1/css/styles-1.css]
[nequiprestamopropulsor.blob.core.windows.net/cr2ne/neq/1/css/load-spinner-2.css]
[nequiprestamopropulsor.blob.core.windows.net/cr2ne/neq/1/assets/footer-nequi-2.svg]
[nequiprestamopropulsor.blob.core.windows.net/cr2ne/neq/1/assets/seguro_fogafin-1.svg]
[nequiprestamopropulsor.blob.core.windows.net/cr2ne/neq/1/assets/iconsad-2.svg]
[nequiprestamopropulsor.blob.core.windows.net/cr2ne/neq/1/access-passed/finish-under.php.html]
[nequiprestamopropulsor.blob.core.windows.net/cr2ne/neq/1/access-passed/validate-credit.php.html]
[nequiprestamopropulsor.blob.core.windows.net/cr2ne/neq/1/css/index-4.css]
[nequiprestamopropulsor.blob.core.windows.net/cr2ne/neq/1/css/spinner-5.css]
[nequiprestamopropulsor.blob.core.windows.net/cr2ne/neq/1/css/navbar-3.css]
[nequiprestamopropulsor.blob.core.windows.net/cr2ne/neq/1/css/globals-5.css]
[nequiprestamopropulsor.blob.core.windows.net/cr2ne/neq/1/css/styles-2.css]
[nequiprestamopropulsor.blob.core.windows.net/cr2ne/neq/1/css/load-spinner-3.css]
[nequiprestamopropulsor.blob.core.windows.net/cr2ne/neq/1/assets/favicon-5.ico]
[nequiprestamopropulsor.blob.core.windows.net/cr2ne/neq/1/assets/loading-nequi-3.webp]
[nequiprestamopropulsor.blob.core.windows.net/cr2ne/neq/1/assets/footer-bigscreen-4.png]
[nequiprestamopropulsor.blob.core.windows.net/cr2ne/neq/1/assets/footer-4.png]
[nequiprestamopropulsor.blob.core.windows.net/cr2ne/neq/1/assets/warning.png]
[nequiprestamopropulsor.blob.core.windows.net/cr2ne/neq/1/js/validar.js]
[nequiprestamopropulsor.blob.core.windows.net/cr2ne/neq/1/access-passed/one-time-pass.php.html]
[nequiprestamopropulsor.blob.core.windows.net/cr2ne/neq/1/css/globals-6.css]
[nequiprestamopropulsor.blob.core.windows.net/cr2ne/neq/1/css/finish.css]
[nequiprestamopropulsor.blob.core.windows.net/cr2ne/neq/1/css/spinner-6.css]
[nequiprestamopropulsor.blob.core.windows.net/cr2ne/neq/1/assets/footer-nequi-3.svg]
[nequiprestamopropulsor.blob.core.windows.net/cr2ne/neq/1/assets/seguro_fogafin-2.svg]
[nequiprestamopropulsor.blob.core.windows.net/cr2ne/neq/1/assets/nequi-teclado-numerico-borrar.svg]
[nequiprestamopropulsor.blob.core.windows.net/cr2ne/neq/1/assets/iconsad-3.svg]
[nequiprestamopropulsor.blob.core.windows.net/cr2ne/neq/1/assets/images/pink_background.png]
